{"sessionId": "216f56", "runId": "pre-fix", "hypothesisId": "H1", "location": "run_train_then_compare.py:_run_checkpoint_eval", "message": "checkpoint_eval_start", "data": {"checkpoint_episode": 40, "train_status": "running", "train_episodes_done": 10, "isolation": "subprocess"}, "timestamp": 1781360356383}
{"sessionId": "216f56", "runId": "pre-fix", "hypothesisId": "H2", "location": "run_checkpoint_eval_once.py:main", "message": "subprocess_eval_start", "data": {"checkpoint_episode": 40, "eval_runs": 1, "pid": 6612}, "timestamp": 1781360358479}
{"sessionId": "216f56", "runId": "pre-fix", "hypothesisId": "H1", "location": "run_train_then_compare.py:_run_checkpoint_eval", "message": "checkpoint_eval_start", "data": {"checkpoint_episode": 40, "train_status": "running", "train_episodes_done": 10, "isolation": "subprocess"}, "timestamp": 1781360395096}
{"sessionId": "216f56", "runId": "pre-fix", "hypothesisId": "H2", "location": "run_checkpoint_eval_once.py:main", "message": "subprocess_eval_start", "data": {"checkpoint_episode": 40, "eval_runs": 10, "pid": 24048}, "timestamp": 1781360397205}
{"sessionId": "216f56", "runId": "pre-fix", "hypothesisId": "H2", "location": "run_checkpoint_eval_once.py:main", "message": "subprocess_eval_done", "data": {"checkpoint_episode": 40, "ok_runs": 1, "total_runs": 1}, "timestamp": 1781360469380}
{"sessionId": "216f56", "runId": "pre-fix", "hypothesisId": "H3", "location": "run_train_then_compare.py:_run_checkpoint_eval", "message": "checkpoint_eval_done", "data": {"checkpoint_episode": 40, "subprocess_returncode": 0, "train_status_after": "running", "train_error_after": null}, "timestamp": 1781360469807}
{"sessionId": "216f56", "runId": "pre-fix", "hypothesisId": "H1", "location": "run_train_then_compare.py:_run_checkpoint_eval", "message": "checkpoint_eval_start", "data": {"checkpoint_episode": 42, "train_status": "completed", "train_episodes_done": 12, "isolation": "subprocess"}, "timestamp": 1781360584458}
{"sessionId": "216f56", "runId": "pre-fix", "hypothesisId": "H2", "location": "run_checkpoint_eval_once.py:main", "message": "subprocess_eval_start", "data": {"checkpoint_episode": 42, "eval_runs": 1, "pid": 33620}, "timestamp": 1781360586358}
{"sessionId": "216f56", "runId": "pre-fix", "hypothesisId": "H2", "location": "run_checkpoint_eval_once.py:main", "message": "subprocess_eval_done", "data": {"checkpoint_episode": 42, "ok_runs": 1, "total_runs": 1}, "timestamp": 1781360692495}
{"sessionId": "216f56", "runId": "pre-fix", "hypothesisId": "H3", "location": "run_train_then_compare.py:_run_checkpoint_eval", "message": "checkpoint_eval_done", "data": {"checkpoint_episode": 42, "subprocess_returncode": 0, "train_status_after": "completed", "train_error_after": null}, "timestamp": 1781360692895}
{"sessionId": "216f56", "runId": "pre-fix", "hypothesisId": "H2", "location": "run_checkpoint_eval_once.py:main", "message": "subprocess_eval_done", "data": {"checkpoint_episode": 40, "ok_runs": 10, "total_runs": 10}, "timestamp": 1781361331322}
{"sessionId": "216f56", "runId": "pre-fix", "hypothesisId": "H3", "location": "run_train_then_compare.py:_run_checkpoint_eval", "message": "checkpoint_eval_done", "data": {"checkpoint_episode": 40, "subprocess_returncode": 0, "train_status_after": "running", "train_error_after": null}, "timestamp": 1781361331643}
{"sessionId": "216f56", "runId": "pre-fix", "hypothesisId": "H1", "location": "run_train_then_compare.py:_run_checkpoint_eval", "message": "checkpoint_eval_start", "data": {"checkpoint_episode": 50, "train_status": "running", "train_episodes_done": 21, "isolation": "subprocess"}, "timestamp": 1781361332150}
{"sessionId": "216f56", "runId": "pre-fix", "hypothesisId": "H3", "location": "run_train_then_compare.py:_run_checkpoint_eval", "message": "checkpoint_eval_done", "data": {"checkpoint_episode": 50, "subprocess_returncode": 0, "train_status_after": "running", "train_error_after": null}, "timestamp": 1781362192544}
{"sessionId": "216f56", "runId": "pre-fix", "hypothesisId": "H1", "location": "run_train_then_compare.py:_run_checkpoint_eval", "message": "checkpoint_eval_start", "data": {"checkpoint_episode": 60, "train_status": "running", "train_episodes_done": 30, "isolation": "subprocess"}, "timestamp": 1781362251073}
{"sessionId": "216f56", "runId": "pre-fix", "hypothesisId": "H3", "location": "run_train_then_compare.py:_run_checkpoint_eval", "message": "checkpoint_eval_done", "data": {"checkpoint_episode": 60, "subprocess_returncode": 0, "train_status_after": "running", "train_error_after": null}, "timestamp": 1781363313238}
{"sessionId": "216f56", "runId": "pre-fix", "hypothesisId": "H1", "location": "run_train_then_compare.py:_run_checkpoint_eval", "message": "checkpoint_eval_start", "data": {"checkpoint_episode": 70, "train_status": "running", "train_episodes_done": 40, "isolation": "subprocess"}, "timestamp": 1781363482110}
{"sessionId": "216f56", "runId": "pre-fix", "hypothesisId": "H3", "location": "run_train_then_compare.py:_run_checkpoint_eval", "message": "checkpoint_eval_done", "data": {"checkpoint_episode": 70, "subprocess_returncode": 0, "train_status_after": "running", "train_error_after": null}, "timestamp": 1781365762479}
{"sessionId": "216f56", "runId": "pre-fix", "hypothesisId": "H1", "location": "run_train_then_compare.py:_run_checkpoint_eval", "message": "checkpoint_eval_start", "data": {"checkpoint_episode": 80, "train_status": "running", "train_episodes_done": 50, "isolation": "subprocess"}, "timestamp": 1781365866920}
{"sessionId": "216f56", "runId": "pre-fix", "hypothesisId": "H3", "location": "run_train_then_compare.py:_run_checkpoint_eval", "message": "checkpoint_eval_done", "data": {"checkpoint_episode": 80, "subprocess_returncode": 0, "train_status_after": "running", "train_error_after": null}, "timestamp": 1781366682435}
{"sessionId": "216f56", "runId": "pre-fix", "hypothesisId": "H1", "location": "run_train_then_compare.py:_run_checkpoint_eval", "message": "checkpoint_eval_start", "data": {"checkpoint_episode": 90, "train_status": "running", "train_episodes_done": 60, "isolation": "subprocess"}, "timestamp": 1781366813711}
{"sessionId": "216f56", "runId": "pre-fix", "hypothesisId": "H3", "location": "run_train_then_compare.py:_run_checkpoint_eval", "message": "checkpoint_eval_done", "data": {"checkpoint_episode": 90, "subprocess_returncode": 0, "train_status_after": "running", "train_error_after": null}, "timestamp": 1781367544780}
{"sessionId": "216f56", "runId": "pre-fix", "hypothesisId": "H1", "location": "run_train_then_compare.py:_run_checkpoint_eval", "message": "checkpoint_eval_start", "data": {"checkpoint_episode": 100, "train_status": "running", "train_episodes_done": 70, "isolation": "subprocess"}, "timestamp": 1781367632576}
{"sessionId": "216f56", "runId": "pre-fix", "hypothesisId": "H3", "location": "run_train_then_compare.py:_run_checkpoint_eval", "message": "checkpoint_eval_done", "data": {"checkpoint_episode": 100, "subprocess_returncode": 0, "train_status_after": "running", "train_error_after": null}, "timestamp": 1781368361676}
{"sessionId": "216f56", "runId": "pre-fix", "hypothesisId": "H1", "location": "run_train_then_compare.py:_run_checkpoint_eval", "message": "checkpoint_eval_start", "data": {"checkpoint_episode": 110, "train_status": "completed", "train_episodes_done": 80, "isolation": "subprocess"}, "timestamp": 1781368502454}
{"sessionId": "216f56", "runId": "pre-fix", "hypothesisId": "H3", "location": "run_train_then_compare.py:_run_checkpoint_eval", "message": "checkpoint_eval_done", "data": {"checkpoint_episode": 110, "subprocess_returncode": 0, "train_status_after": "completed", "train_error_after": null}, "timestamp": 1781369154176}
